Running tests ...
[1A[KRunning 30 tests in 1 runtime ...
[1A[K[1m[32m30 tests, 76 assertions, 1 runtime ... OK[0m
